// Jest Snapshot v1, https://goo.gl/fbAQLP

exports[`util addInputDefault should add defaults to inquirer input 1`] = `"test"`;

exports[`util makeLambdaPolicyArn should make a policy ARN from FunctionArn and gateway id 1`] = `"arn:aws:execute-api:eu-west-1:202020202020:4ghl2mfk30/*/*/*"`;

exports[`util markdown should produce styled markdown output from path 1`] = `
"
[35m[4m[1m# Markdown test[22m[24m[39m
[0m=====================================[0m

[35m[4m[1m# Properties[22m[24m[39m
[0m[1mFirst property[22m: [33mFoo[39m
[1mSecond property[22m: [33mBar[39m[0m

[32m[1m## Next[22m[39m

   [33mcd Baz
   lambdasync[39m


"
`;

exports[`util markdown should produce styled markdown output from string 1`] = `
"
[0m[1mHello Foo![22m My name is [3mBar[23m[0m


"
`;

exports[`util markdownProperty should produce markdown properties based on the input 1`] = `
"**You:** \`Foo\`
"
`;

exports[`util parseCommandArgs should create an object with the arg array from CLI 1`] = `
Object {
  "memory": "128",
  "timeout": "10",
}
`;
